-1352-1352-1352-1352-1352-1352
-1352-10135-11148-20269-10135-32767-27363-20269-14189-21283-15202-1317512499179042229528714327676756189173276730065327672094432767249983107823647162151081074311351-20269-32767-32431-29053-25337-15202-20271249932767-18918-23985-5743-7095-4730135120262702371527023715405354057769114851249915877145261486384451689027700239843276774311857915877101341385074311351213850108108445743147293715-3041-9459-11148-12837-11824-9459-8784-8108-6081-5743-6081-5743-5068-3716-3041-67660801216110134145267769-15878236472702531078124991351215877263493074126011327678783162152094413850-50681081012499743154052364-3041-6081-11148-13513-18242-22972-25337-29053-31755-32767-30066-29053-27363-26350-26012-24999-23985-23648-21621-19594-15202-13513-9459-12162-3379-10144729108108445135116890327675405121613006516215-30412364135121216164181351-1014-3716-6081-10811-12162-13851-17567-22296-27363-29728-32431-32767-32431-30066-27363-24999-23985-23648-22972-21621-20945-18918-16216-15878-12837-11824-8784-7095-3041-6766080124991216160802026327675405124994053-6768445135121249910134844554052026-1014-4730-9797-12162-13851-16216-19932-22972-25337-29728-29053-31417-32431-32767-32431-31417-28377-27363-23985-21621-18242-17229-13851-12162-11148-9797-7432-3716-1014608012161878327700327672634917904226332702-37166418236416215158771249987834053-676-5743-9797-13851-19932-26350-30404-32767-31755-29053-27363-15878-8108-676-810819931327672229518579-3379101341351264182364-3041-11824-14864-21283-27363-30404-32767-32431-31755-30066-27363-19594-14864-506837151891732767-16904053-9459
-5743
-1014
-1014
-11148
-1352
-10811
-2027
-1014
-2027
-7432
-5743
-19594
-17567
-18242
-10811
2026
2702
1351
7431
675
8445
2364
10134
2702
10810
3715
11485
9458
14526
12836
13512
12161
15877
14863
9796
16890
16215
10472
16215
14863
14863
13512
9796
13850
13850
13512
9458
12499
12161
11485
8783
3715
2026
675
1351
-8108
6418
1351
6756
2026
5405
10134
9796
12161
10810
13850
11823
23984
6756
26011
8107
27025
14526
10472
24998
16215
12499
23647
21620
14863
27700
26011
18579
26349
24998
19931
20944
21620
14863
17904
2364
3715
14526
15877
12161
7769
7431
4729
2702
-7432
-8784
-10811
-12162
-13175
-14189
-13513
-15202
-13175
-14189
-12162
-13513
-15202
-13175
-13175
-12837
-13513
-14189
-13513
-15202
-4730
-14864
-18242
-20945
-23648
-26350
-27363
2026
-31417
-31755
-32767
-1014
-27363
-25337
-32767
-32767
-17905
-17229
-22972
-22296
-25674
-25337
-27701
-27701
-27363
-25337
-26350
-26350
-24999
-25337
-25337
-24323
-23648
-25674
-22972
-26350
-26350
-21621
-19932
-27701
-27363
-18242
-29053
-15878
-27026
-8784
-13175
-14189
-8108
-17905
-19256
-3379
-11824
-14189
-1014
-5743
-7770
-6757
-11824
-14189
-13175
-6757
2702
-5406
8783
-3379
13850
-5743
14863
-676
2364
9796
11485
14526
32767
22295
32767
4729
12836
32767
26011
22633
16890
21957
16215
24998
16890
31078
32767
29727
20606
20268
24998
17904
13512
9796
6080
13512
6418
16890
11485
2364
18917
13512
14526
11485
9796
19931
14863
-2027
7769
-5743
-9459
-9459
-11148
-29053
-30404
-2027
-32431
-32767
-16216
-15202
-21958
-21283
-25674
-24323
-32767
-32767
-10811
-11148
-15540
-17229
-24323
-23310
-17905
-19256
-29728
-27026
-26350
-27701
-26350
-25337
-26012
-27026
-26350
-23985
-28039
-28039
-21283
-26350
-26350
-12837
-19256
-20269
-9459
-17229
-19256
-7095
-17905
-3379
-10135
-676
-21621
-22296
-5743
5405
4053
-3041
-9459
-11148
12161
31078
32767
6756
6080
32767
24998
27025
17904
16890
10472
28714
19931
12499
20268
14188
11823
-2027
11485
16215
11485
8783
24322
18579
6080
17904
13512
32767
24322
31078
22295
20944
13512
15877
8783
-7432
16890
11485
-12837
-17229
-21621
-28377
-32767
-10135
-10135
-23310
-21283
-28039
-25337
-32767
-32767
-11824
-12162
-5406
-15540
-15202
-25337
-24323
-18242
-19256
-27026
-25337
-16216
-17905
-19256
-9459
-16891
-18242
-3041
-15540
-17229
-10135
-12162
-676
-21958
-23310
-9459
-13175
10134
12161
14526
-5406
12499
19931
32767
-2027
32767
26011
20268
13512
14188
32767
24998
2702
22295
-2027
23984
18917
2702
-1352
17566
18917
4053
17566
12836
14526
-13175
-16216
12161
-12837
-15202
4053
2026
-3041
-3041
-9459
-9121
-11148
-11148
-20269
-20269
-15878
-19594
-21283
-21283
-24323
-24323
-31417
-29390
-28039
-32767
-27026
-26350
-10811
-11148
-11486
-12162
-32767
-32767
2702
-6757
-21621
-22296
-31755
-17905
-19256
-30404
-28377
-21621
-18918
2702
-12162
-12837
-12837
-14189
-3379
17904
11485
32767
24998
4053
9458
9796
12161
29727
30741
20606
30741
32092
21620
31078
30065
24998
28714
12161
14863
10472
12836
9796
4053
3715
-23985
-20269
-21283
2364
3715
5405
10810
22633
14863
10472
7769
16215
21620
16890
18917
18579
-4054
18917
18579
14863
13850
12499
9796
6418
2702
-7432
-14189
-15202
-12162
-15202
-16216
-32767
-25337
-25337
-20945
-20269
-13175
-13175
-21958
-21283
-29390
-29390
-10135
-17229
-16216
-676
-32767
-32767
-27701
-26350
-32431
-6757
-27363
9796
-24999
-20269
-18242
6418
-12837
-1014
10472
4729
-6081
-2027
32092
21620
2026
13512
8783
10810
8783
32767
28038
18579
32767
21620
-5406
23647
-4054
32092
-10135
-13175
28714
-17905
-18242
27025
-7770
-11148
18579
17904
13512
7769
-13851
-17229
1351
-3041
-7432
-15202
-16216
-16891
-16891
-18242
-25674
-13175
-14189
-31417
-6757
-11148
-32767
-9459
-10135
-17229
-17229
-19594
-18242
-20269
-8108
-16216
-15202
5405
-6081
28714
-16216
-17229
31078
-18242
-20269
-24323
-24323
26349
-5406
8783
-2027
-1690
-19256
-15540
-17229
-9797
-4730
-1690
5405
675
10134
4729
675
32767
16215
9796
20268
14188
18579
13512
11823
3715
4053
1351
12161
4729
-7095
2364
-1352
-676
-1690
13512
11823
15877
6418
27025
9796
28714
14526
7769
12161
2364
1351
-9459
-11148
-4730
-15540
-17229
-14189
-16216
-15540
-17229
-19256
-20269
-18242
-20945
-23310
1351
-676
4053
6080
10134
11485
13512
14526
16890
-3041
-1352
-5406
3715
19931
7769
13850
18579
14863
10472
18917
10472
13512
7769
12161
8783
8783
10472
6418
9458
9796
28376
19931
29727
-4730
28714
-7432
-12837
29727
21620
-25674
28038
19931
-28377
-30066
-32093
-32767
-13851
-15202
-23985
-23310
-32767
-32767
-31417
-27363
-32767
-32767
-6757
-13175
-15202
-19594
-18242
-23985
-23310
-29728
-25674
-26350
-24999
-25337
-25337
-19256
-26350
-27363
-11486
-14189
-9459
-12162
-8108
-7770
-11148
3715
-2027
-10135
13850
15877
17904
8445
22295
27700
30741
31078
22971
16215
30741
25673
17904
28376
20268
14188
4729
6080
20268
13850
8783
22295
12836
18917
10472
28714
10810
29727
13512
32430
17904
14188
10134
6080
32767
10472
27025
32767
30741
29727
-2027
32092
-16216
-17229
30065
-11486
-14189
10810
5405
3715
2026
-8108
-10135
-6081
-17229
-19256
-10135
-21958
-23310
-15202
-22972
-24323
-31417
-25337
-26350
-32767
-28039
-28039
-23985
-23310
-19594
-20269
-17905
-17229
-13851
-14189
-25674
-25337
-29390
-27363
-32767
-32767
-32093
-29390
-1352
-21621
-13175
-7770
3715
8783
8783
11823
2026
7769
32767
18579
12499
16215
9796
23984
16215
6418
4053
32430
24998
9796
10134
4729
675
-3379
-9121
-11148
-11824
-18242
-20269
-16216
-22972
-24323
-23648
-27701
-27363
-30066
-30066
-29390
-27026
-27363
-32767
-16891
-17229
-11824
-13175
-8108
-10135
-4054
-16891
-17229
-25337
-24323
-28039
-29053
-28039
-21621
-25674
-26350
-16891
-23310
-24323
-6757
-11148
-10811
-12162
-9121
7431
11485
5405
12161
24660
-17229
-19256
20268
28376
32767
32767
27025
22295
20268
16215
13512
14863
5405
12836
10472
28714
28714
21620
16215
27025
19931
2026
23984
16215
32767
27025
18579
12499
-9121
-9459
-11148
-12837
-16891
-32767
-16891
-18242
-27026
-28039
-10135
-10135
-11486
-12162
-20945
-22296
-29053
-25674
-24323
-26012
-27701
-28039
-22972
-29053
-17905
-23310
-24323
-13851
-21958
-23310
-1014
-10135
-11148
-9459
-12162
-20945
-23310
-10135
-13175
7769
12499
30065
32767
2364
32767
23647
20944
14188
19931
13512
22971
16215
25673
17904
11485
17566
13512
7769
16215
30741
19931
28038
13850
28714
18579
7769
22633
16215
31078
23647
32767
27025
23984
14863
12161
9796
-15202
-5743
-19256
-27363
19931
14863
-31417
-32767
-23985
-24323
-28039
-28039
-32767
-32093
-25674
-25337
-19594
-20269
-17905
-19256
-25674
-25337
-9797
-17229
-18242
-5068
-17905
-20269
-18242
-21283
6418
12161
32767
2702
6080
20268
14188
30065
20606
24998
16890
8783
16215
12499
26687
18579
20268
14188
22633
18579
8445
26011
17904
10134
28038
19931
32767
27025
23647
28714
17904
32767
24322
-3716
6418
-24999
8107
-29053
9458
-32767
-13175
-13175
-18242
-18242
-29053
-27363
-2027
-5406
-31417
-25674
-25337
-28039
-27701
-26350
-23648
-28039
-10135
-12162
-9121
-11824
-14189
26349
22633
32767
21957
14863
32092
21620
16890
10472
28038
19931
13850
21957
16215
29727
29727
20606
6080
20944
14188
32767
23647
25673
16890
-20269
-22972
5405
-28039
14526
9796
-32767
2702
-18242
-18242
-27701
-26350
-676
-9459
-11148
-17905
-18242
-23985
-23310
-19594
-25337
-26350
-15202
-20945
-22296
-10135
-11824
-14189
-4054
-1352
2702
26011
32767
9458
14526
9796
16890
11485
22633
14863
2026
22971
16890
15877
12499
9796
21620
14863
32767
26011
-2703
29727
21620
-8784
-31417
20944
14863
-32767
-676
-32767
-32767
-12837
-12162
-21621
-21283
-18242
-27701
-26350
-14189
-20945
-21283
-13175
-22296
-9121
-18242
-21283
-5406
-15540
-17229
-10135
-10811
-11148
